// Jest Snapshot v1, https://goo.gl/fbAQLP

exports[`CraftingBoard renders correctly 1`] = `
Object {
  "asFragment": [Function],
  "baseElement": <body>
    <div>
      <div
        class="crafting-background"
      >
        <div
          class="crafting-container"
        >
          <div
            class="pasteboard-container"
          >
            <div>
              <div
                class="unused-snippets"
                data-testid="pasteboard"
              >
                <div>
                  <button
                    aria-describedby=""
                    aria-roledescription="sortable"
                    class="text-snippet"
                    role="button"
                    tabindex="0"
                    text="one"
                  >
                    one
                  </button>
                </div>
                <div>
                  <button
                    aria-describedby=""
                    aria-roledescription="sortable"
                    class="text-snippet"
                    role="button"
                    tabindex="0"
                    text="two"
                  >
                    two
                  </button>
                </div>
              </div>
            </div>
          </div>
          <div
            class="wip-container"
          >
            <div
              class="lines-container"
            >
              <div>
                <div
                  class="line"
                  data-testid="pasteboard"
                >
                  <div>
                    <button
                      aria-describedby=""
                      aria-roledescription="sortable"
                      class="text-snippet"
                      role="button"
                      tabindex="0"
                      text="one"
                    >
                      one
                    </button>
                  </div>
                  <div>
                    <button
                      aria-describedby=""
                      aria-roledescription="sortable"
                      class="text-snippet"
                      role="button"
                      tabindex="0"
                      text="two"
                    >
                      two
                    </button>
                  </div>
                </div>
              </div>
              <div>
                <div
                  class="line"
                  data-testid="Line-1"
                >
                  <div>
                    <button
                      aria-describedby=""
                      aria-roledescription="sortable"
                      class="text-snippet"
                      role="button"
                      tabindex="0"
                      text="one"
                    >
                      one
                    </button>
                  </div>
                  <div>
                    <button
                      aria-describedby=""
                      aria-roledescription="sortable"
                      class="text-snippet"
                      role="button"
                      tabindex="0"
                      text="two"
                    >
                      two
                    </button>
                  </div>
                </div>
              </div>
            </div>
            <div>
              <button
                class="btn add-line-btn"
                data-testid="add-line-btn"
              >
                +
              </button>
            </div>
            <div>
              <button
                class="btn add-line-btn"
                data-testid="add-line-btn"
              >
                -
              </button>
            </div>
          </div>
        </div>
        <div
          class="textify-button-container"
          data-testid="textify-button-container"
        >
          <button
            class="btn textify-btn"
            data-testid="textify-btn"
          >
            Textify
          </button>
        </div>
      </div>
    </div>
  </body>,
  "container": <div>
    <div
      class="crafting-background"
    >
      <div
        class="crafting-container"
      >
        <div
          class="pasteboard-container"
        >
          <div>
            <div
              class="unused-snippets"
              data-testid="pasteboard"
            >
              <div>
                <button
                  aria-describedby=""
                  aria-roledescription="sortable"
                  class="text-snippet"
                  role="button"
                  tabindex="0"
                  text="one"
                >
                  one
                </button>
              </div>
              <div>
                <button
                  aria-describedby=""
                  aria-roledescription="sortable"
                  class="text-snippet"
                  role="button"
                  tabindex="0"
                  text="two"
                >
                  two
                </button>
              </div>
            </div>
          </div>
        </div>
        <div
          class="wip-container"
        >
          <div
            class="lines-container"
          >
            <div>
              <div
                class="line"
                data-testid="pasteboard"
              >
                <div>
                  <button
                    aria-describedby=""
                    aria-roledescription="sortable"
                    class="text-snippet"
                    role="button"
                    tabindex="0"
                    text="one"
                  >
                    one
                  </button>
                </div>
                <div>
                  <button
                    aria-describedby=""
                    aria-roledescription="sortable"
                    class="text-snippet"
                    role="button"
                    tabindex="0"
                    text="two"
                  >
                    two
                  </button>
                </div>
              </div>
            </div>
            <div>
              <div
                class="line"
                data-testid="Line-1"
              >
                <div>
                  <button
                    aria-describedby=""
                    aria-roledescription="sortable"
                    class="text-snippet"
                    role="button"
                    tabindex="0"
                    text="one"
                  >
                    one
                  </button>
                </div>
                <div>
                  <button
                    aria-describedby=""
                    aria-roledescription="sortable"
                    class="text-snippet"
                    role="button"
                    tabindex="0"
                    text="two"
                  >
                    two
                  </button>
                </div>
              </div>
            </div>
          </div>
          <div>
            <button
              class="btn add-line-btn"
              data-testid="add-line-btn"
            >
              +
            </button>
          </div>
          <div>
            <button
              class="btn add-line-btn"
              data-testid="add-line-btn"
            >
              -
            </button>
          </div>
        </div>
      </div>
      <div
        class="textify-button-container"
        data-testid="textify-button-container"
      >
        <button
          class="btn textify-btn"
          data-testid="textify-btn"
        >
          Textify
        </button>
      </div>
    </div>
  </div>,
  "debug": [Function],
  "findAllByAltText": [Function],
  "findAllByDisplayValue": [Function],
  "findAllByLabelText": [Function],
  "findAllByPlaceholderText": [Function],
  "findAllByRole": [Function],
  "findAllByTestId": [Function],
  "findAllByText": [Function],
  "findAllByTitle": [Function],
  "findByAltText": [Function],
  "findByDisplayValue": [Function],
  "findByLabelText": [Function],
  "findByPlaceholderText": [Function],
  "findByRole": [Function],
  "findByTestId": [Function],
  "findByText": [Function],
  "findByTitle": [Function],
  "getAllByAltText": [Function],
  "getAllByDisplayValue": [Function],
  "getAllByLabelText": [Function],
  "getAllByPlaceholderText": [Function],
  "getAllByRole": [Function],
  "getAllByTestId": [Function],
  "getAllByText": [Function],
  "getAllByTitle": [Function],
  "getByAltText": [Function],
  "getByDisplayValue": [Function],
  "getByLabelText": [Function],
  "getByPlaceholderText": [Function],
  "getByRole": [Function],
  "getByTestId": [Function],
  "getByText": [Function],
  "getByTitle": [Function],
  "queryAllByAltText": [Function],
  "queryAllByDisplayValue": [Function],
  "queryAllByLabelText": [Function],
  "queryAllByPlaceholderText": [Function],
  "queryAllByRole": [Function],
  "queryAllByTestId": [Function],
  "queryAllByText": [Function],
  "queryAllByTitle": [Function],
  "queryByAltText": [Function],
  "queryByDisplayValue": [Function],
  "queryByLabelText": [Function],
  "queryByPlaceholderText": [Function],
  "queryByRole": [Function],
  "queryByTestId": [Function],
  "queryByText": [Function],
  "queryByTitle": [Function],
  "rerender": [Function],
  "unmount": [Function],
}
`;
