// Jest Snapshot v1, https://goo.gl/fbAQLP

exports[`renders without crashing 1`] = `
<p
  data-testid="intro-text"
>
  Lorem ipsum dolor sit amet, consectetur adipiscing elit. Nam id mauris id enim imperdiet gravida. Donec porttitor lectus eu nisi vulputate ornare. Phasellus semper a dolor a fringilla. Curabitur quis nisl vel tortor iaculis cursus eget quis nisl. Sed sodales urna vitae dolor faucibus bibendum. Mauris sit amet posuere urna, sed auctor dolor. Etiam sodales scelerisque lacus, a ultricies neque blandit et. Vivamus quis enim at orci tristique pharetra. Aliquam consequat elit in nisi elementum, vitae interdum neque pretium. Vivamus mauris enim, semper at pharetra sit amet, aliquam laoreet turpis. Pellentesque habitant morbi tristique senectus et netus et malesuada fames ac turpis egestas. Etiam lacinia pharetra diam eget tincidunt. Donec dictum vestibulum arcu mattis volutpat. Nunc id eros lacus. Sed molestie tristique diam, et blandit magna tristique id.
</p>
`;
